{
    "preprocessing - fastq - both_end": {
        "content": [
            {
                "0": [
                    
                ],
                "1": [
                    
                ],
                "2": [
                    
                ],
                "3": [
                    
                ],
                "4": [
                    
                ],
                "5": [
                    
                ],
                "6": [
                    
                ],
                "fastqc": [
                    
                ],
                "merged": [
                    
                ],
                "renamed": [
                    
                ],
                "translated": [
                    
                ],
                "translog": [
                    
                ],
                "trimmed_fastq": [
                    
                ],
                "versions": [
                    
                ]
            }
        ],
        "meta": {
            "nf-test": "0.8.4",
            "nextflow": "24.04.2"
        },
        "timestamp": "2024-07-05T16:17:49.548526"
    },
    "preprocessing - fastqc - both_end": {
        "content": [
            {
                "0": [
                    
                ],
                "1": [
                    
                ],
                "2": [
                    
                ],
                "3": [
                    
                ],
                "4": [
                    
                ],
                "5": [
                    
                ],
                "6": [
                    
                ],
                "fastqc": [
                    
                ],
                "merged": [
                    
                ],
                "renamed": [
                    
                ],
                "translated": [
                    
                ],
                "translog": [
                    
                ],
                "trimmed_fastq": [
                    
                ],
                "versions": [
                    
                ]
            }
        ],
        "meta": {
            "nf-test": "0.8.4",
            "nextflow": "24.04.2"
        },
        "timestamp": "2024-07-08T11:00:35.961037"
    }
}