{
    "preprocessing - fastqc - fasta": {
        "content": [
            {
                "0": [
                    [
                        {
                            "id": "nftest",
                            "single_end": false
                        },
                        [
                            "nftest_1.trim.fastq.gz:md5,59230cd0ddccbcc2570da094a0d11979",
                            "nftest_2.trim.fastq.gz:md5,7a43f31adca405c0730727ca226b10fc"
                        ]
                    ]
                ],
                "1": [
                    [
                        {
                            "id": "nftest",
                            "single_end": false
                        },
                        "nftest.extendedFrags.fastq.gz:md5,4f84eeb9cf3520107c9efcba3f7d715a"
                    ]
                ],
                "2": [
                    [
                        {
                            "id": "nftest",
                            "single_end": false
                        },
                        "nftest_renamed.fastq.gz:md5,1e438044cdd5d60d06ecace62c708df4"
                    ]
                ],
                "3": [
                    [
                        {
                            "id": "nftest",
                            "single_end": false
                        },
                        "nftest_AA_translated.fasta:md5,13459687ba19e9709786cedd129f0a10"
                    ]
                ],
                "4": [
                    [
                        {
                            "id": "nftest",
                            "single_end": false
                        },
                        "nftest_AA_translated.log:md5,05aff95ed93fe9b6cffb5362c06a4041"
                    ]
                ],
                "5": [
                    [
                        {
                            "id": "nftest",
                            "single_end": false
                        },
                        [
                            "nftest_1_fastqc.zip:md5,d5da75eb4ee810c5e55f67fa43c46ba6",
                            "nftest_2_fastqc.zip:md5,6523a24d5686b8dc8828fd91c4308cd7"
                        ]
                    ]
                ],
                "6": [
                    "versions.yml:md5,0befd310402fc319652349ea4e4df1d5",
                    "versions.yml:md5,58e62e03321dfed5515054e2b82059c2",
                    "versions.yml:md5,5d4e5b871f51af0a0a7d8419c6fe58b2",
                    "versions.yml:md5,ba5fdbe5151a441ca33968edea203d88",
                    "versions.yml:md5,ca055137cc997222712d0123dce46f09"
                ],
                "fastqc": [
                    [
                        {
                            "id": "nftest",
                            "single_end": false
                        },
                        [
                            "nftest_1_fastqc.zip:md5,d5da75eb4ee810c5e55f67fa43c46ba6",
                            "nftest_2_fastqc.zip:md5,6523a24d5686b8dc8828fd91c4308cd7"
                        ]
                    ]
                ],
                "merged": [
                    [
                        {
                            "id": "nftest",
                            "single_end": false
                        },
                        "nftest.extendedFrags.fastq.gz:md5,4f84eeb9cf3520107c9efcba3f7d715a"
                    ]
                ],
                "renamed": [
                    [
                        {
                            "id": "nftest",
                            "single_end": false
                        },
                        "nftest_renamed.fastq.gz:md5,1e438044cdd5d60d06ecace62c708df4"
                    ]
                ],
                "translated": [
                    [
                        {
                            "id": "nftest",
                            "single_end": false
                        },
                        "nftest_AA_translated.fasta:md5,13459687ba19e9709786cedd129f0a10"
                    ]
                ],
                "translog": [
                    [
                        {
                            "id": "nftest",
                            "single_end": false
                        },
                        "nftest_AA_translated.log:md5,05aff95ed93fe9b6cffb5362c06a4041"
                    ]
                ],
                "trimmed_fastq": [
                    [
                        {
                            "id": "nftest",
                            "single_end": false
                        },
                        [
                            "nftest_1.trim.fastq.gz:md5,59230cd0ddccbcc2570da094a0d11979",
                            "nftest_2.trim.fastq.gz:md5,7a43f31adca405c0730727ca226b10fc"
                        ]
                    ]
                ],
                "versions": [
                    "versions.yml:md5,0befd310402fc319652349ea4e4df1d5",
                    "versions.yml:md5,58e62e03321dfed5515054e2b82059c2",
                    "versions.yml:md5,5d4e5b871f51af0a0a7d8419c6fe58b2",
                    "versions.yml:md5,ba5fdbe5151a441ca33968edea203d88",
                    "versions.yml:md5,ca055137cc997222712d0123dce46f09"
                ]
            }
        ],
        "meta": {
            "nf-test": "0.8.4",
            "nextflow": "24.04.4"
        },
        "timestamp": "2024-10-04T10:24:36.431679"
    },
    "preprocessing - fastqc - both_end": {
        "content": [
            {
                "0": [
                    [
                        {
                            "id": "nftest",
                            "single_end": false
                        },
                        [
                            "nftest_1.trim.fastq.gz:md5,59230cd0ddccbcc2570da094a0d11979",
                            "nftest_2.trim.fastq.gz:md5,7a43f31adca405c0730727ca226b10fc"
                        ]
                    ]
                ],
                "1": [
                    [
                        {
                            "id": "nftest",
                            "single_end": false
                        },
                        "nftest.extendedFrags.fastq.gz:md5,7a9fedf788d42b46bfd36884adab7dfa"
                    ]
                ],
                "2": [
                    [
                        {
                            "id": "nftest",
                            "single_end": false
                        },
                        "nftest_renamed.fastq.gz:md5,e78f9ab4d574ef486a611d1ca52c86aa"
                    ]
                ],
                "3": [
                    [
                        {
                            "id": "nftest",
                            "single_end": false
                        },
                        "nftest_AA_translated.fasta:md5,803fd2dce066a8089ceb8a411f9777f6"
                    ]
                ],
                "4": [
                    [
                        {
                            "id": "nftest",
                            "single_end": false
                        },
                        "nftest_AA_translated.log:md5,05aff95ed93fe9b6cffb5362c06a4041"
                    ]
                ],
                "5": [
                    [
                        {
                            "id": "nftest",
                            "single_end": false
                        },
                        [
                            "nftest_1_fastqc.zip:md5,21cb8fc2594d65e2211ae743eae9429b",
                            "nftest_2_fastqc.zip:md5,61df84ebdbe4e3d5097bc7bf0dce26e5"
                        ]
                    ]
                ],
                "6": [
                    "versions.yml:md5,0befd310402fc319652349ea4e4df1d5",
                    "versions.yml:md5,58e62e03321dfed5515054e2b82059c2",
                    "versions.yml:md5,5d4e5b871f51af0a0a7d8419c6fe58b2",
                    "versions.yml:md5,ba5fdbe5151a441ca33968edea203d88",
                    "versions.yml:md5,ca055137cc997222712d0123dce46f09"
                ],
                "fastqc": [
                    [
                        {
                            "id": "nftest",
                            "single_end": false
                        },
                        [
                            "nftest_1_fastqc.zip:md5,21cb8fc2594d65e2211ae743eae9429b",
                            "nftest_2_fastqc.zip:md5,61df84ebdbe4e3d5097bc7bf0dce26e5"
                        ]
                    ]
                ],
                "merged": [
                    [
                        {
                            "id": "nftest",
                            "single_end": false
                        },
                        "nftest.extendedFrags.fastq.gz:md5,7a9fedf788d42b46bfd36884adab7dfa"
                    ]
                ],
                "renamed": [
                    [
                        {
                            "id": "nftest",
                            "single_end": false
                        },
                        "nftest_renamed.fastq.gz:md5,e78f9ab4d574ef486a611d1ca52c86aa"
                    ]
                ],
                "translated": [
                    [
                        {
                            "id": "nftest",
                            "single_end": false
                        },
                        "nftest_AA_translated.fasta:md5,803fd2dce066a8089ceb8a411f9777f6"
                    ]
                ],
                "translog": [
                    [
                        {
                            "id": "nftest",
                            "single_end": false
                        },
                        "nftest_AA_translated.log:md5,05aff95ed93fe9b6cffb5362c06a4041"
                    ]
                ],
                "trimmed_fastq": [
                    [
                        {
                            "id": "nftest",
                            "single_end": false
                        },
                        [
                            "nftest_1.trim.fastq.gz:md5,59230cd0ddccbcc2570da094a0d11979",
                            "nftest_2.trim.fastq.gz:md5,7a43f31adca405c0730727ca226b10fc"
                        ]
                    ]
                ],
                "versions": [
                    "versions.yml:md5,0befd310402fc319652349ea4e4df1d5",
                    "versions.yml:md5,58e62e03321dfed5515054e2b82059c2",
                    "versions.yml:md5,5d4e5b871f51af0a0a7d8419c6fe58b2",
                    "versions.yml:md5,ba5fdbe5151a441ca33968edea203d88",
                    "versions.yml:md5,ca055137cc997222712d0123dce46f09"
                ]
            }
        ],
        "meta": {
            "nf-test": "0.8.4",
            "nextflow": "24.04.4"
        },
        "timestamp": "2024-09-11T15:56:05.767921"
    }
}